1
2
3
4
5
6
7
8
9
11
1724495084633: 1
1724495085642: 2
1724495086648: 3
1724495087657: 4
1724495088656: 5
1724495089668: 6
1724495094830: 7
1724495095842: 8
1724495096851: 9
1724495097863: 10
1724495098878: 11
1724495099893: 12
1724495100908: 13
1724495101907: 14
1724495102922: 15
1724495501264: 16
1724495502264: 17
1724495503273: 18
1724495504285: 19
1724495505289: 20
1724495506295: 21
1724495507304: 22
1724495508310: 23
1724495509315: 24
1724495510323: 25
1724495511328: 26
1724495512337: 27
1724495515094: 28
1724495516100: 29
1724495517108: 30
1724495518110: 31
1724495519115: 32
1724495520127: 33
1724495521142: 34
1724495522149: 35
1724495523153: 36
1724495524164: 37
1724495525170: 38
1724495526178: 39
1724496124789: 1
1724496125802: 2
1724496126810: 3
1724496127817: 4
1724496128819: 5
1724496129830: 6
1724496130841: 7
1724496137712: 8
1724496138723: 9
1724496139729: 10
1724496140731: 11
1724496141731: 12
1724496142735: 13
1724496143747: 14
1724496144753: 15
1724496145763: 16
1724496146769: 17
1724496147778: 18
1724496148790: 19
1724496149802: 20
1724496150808: 21
1724496151821: 22
1724496152832: 23
1724496153843: 24
1724496154851: 25
1724496155858: 26
1724496156868: 27
1724496157878: 28
1724496158883: 29
1724496159890: 30
1724496160905: 31
1724496161912: 32
1724496162916: 33
1724496163923: 34
1724496164929: 35
1724496165937: 36
1724496166947: 37
1724496167954: 38
1724496168964: 39
1724496169975: 40
1724496170984: 41